// Jest Snapshot v1, https://goo.gl/fbAQLP

exports[`simple works 1`] = `
"<!DOCTYPE html>
<html><head><link href=\\"/static/P7CO8vTQqtFIUzF90z+rfRBG2SA.css\\" rel=\\"preload\\" as=\\"style\\"><link href=\\"/static/P7CO8vTQqtFIUzF90z+rfRBG2SA.js\\" rel=\\"preload\\" as=\\"script\\"><link href=\\"/static/main.js\\" rel=\\"preload\\" as=\\"script\\"><link href=\\"/static/P7CO8vTQqtFIUzF90z+rfRBG2SA.css\\" type=\\"text/css\\" rel=\\"stylesheet\\"></head><body><div id=\\"__forgo\\"><div><main><h1 class=\\"XGRxiOrAtt9rIMaoJ9R4W\\">I&#39;m Split! :D and have styles</h1><button>Log to the console</button></main></div></div><script src=\\"/static/main.js\\"></script></body></html>"
`;
